2026-05-20 11:02:47 | INFO     | MyApp | DEBUG logging is DISABLED (set DEBUG_LOG=true in .env to enable)
2026-05-20 11:02:47 | INFO     | MyApp | App started
2026-05-20 11:02:47 | INFO     | MyApp | Processing complete
2026-05-20 11:02:47 | WARNING  | MyApp | Something looks off
2026-05-20 11:02:47 | ERROR    | MyApp | Something went wrong
2026-05-20 11:02:48 | INFO     | MyApp | DEBUG logging is DISABLED (set DEBUG_LOG=true in .env to enable)
2026-05-20 11:02:48 | INFO     | MyApp | App started
2026-05-20 11:02:48 | INFO     | MyApp | Processing complete
2026-05-20 11:02:48 | WARNING  | MyApp | Something looks off
2026-05-20 11:02:48 | ERROR    | MyApp | Something went wrong
2026-05-20 11:12:26 | INFO     | MyApp | DEBUG logging is DISABLED (set DEBUG_LOG=true in .env to enable)
2026-05-20 11:12:26 | INFO     | MyApp | App started
2026-05-20 11:12:26 | INFO     | MyApp | Processing complete
2026-05-20 11:12:26 | WARNING  | MyApp | Something looks off
2026-05-20 11:12:26 | ERROR    | MyApp | Something went wrong
2026-05-20 11:12:27 | INFO     | MyApp | DEBUG logging is DISABLED (set DEBUG_LOG=true in .env to enable)
2026-05-20 11:12:27 | INFO     | MyApp | App started
2026-05-20 11:12:27 | INFO     | MyApp | Processing complete
2026-05-20 11:12:27 | WARNING  | MyApp | Something looks off
2026-05-20 11:12:27 | ERROR    | MyApp | Something went wrong
2026-05-20 11:14:30 | INFO     | MyApp | DEBUG logging is DISABLED (set DEBUG_LOG=true in .env to enable)
2026-05-20 11:14:30 | INFO     | MyApp | App started
2026-05-20 11:14:30 | INFO     | MyApp | Processing complete
2026-05-20 11:14:30 | WARNING  | MyApp | Something looks off
2026-05-20 11:14:30 | ERROR    | MyApp | Something went wrong
2026-05-20 11:14:32 | INFO     | MyApp | DEBUG logging is DISABLED (set DEBUG_LOG=true in .env to enable)
2026-05-20 11:14:32 | INFO     | MyApp | App started
2026-05-20 11:14:32 | INFO     | MyApp | Processing complete
2026-05-20 11:14:32 | WARNING  | MyApp | Something looks off
2026-05-20 11:14:32 | ERROR    | MyApp | Something went wrong
2026-05-20 15:58:22 | INFO     | MyApp | DEBUG logging is DISABLED (set DEBUG_LOG=true in .env to enable)
2026-05-20 15:58:22 | INFO     | MyApp | App started
2026-05-20 15:58:22 | INFO     | MyApp | Processing complete
2026-05-20 15:58:22 | WARNING  | MyApp | Something looks off
2026-05-20 15:58:22 | ERROR    | MyApp | Something went wrong
2026-05-20 15:58:24 | INFO     | MyApp | DEBUG logging is DISABLED (set DEBUG_LOG=true in .env to enable)
2026-05-20 15:58:24 | INFO     | MyApp | App started
2026-05-20 15:58:24 | INFO     | MyApp | Processing complete
2026-05-20 15:58:24 | WARNING  | MyApp | Something looks off
2026-05-20 15:58:24 | ERROR    | MyApp | Something went wrong
2026-05-20 16:22:57 | INFO     | app.main | DEBUG logging is DISABLED (set DEBUG_LOG=true in .env to enable)
2026-05-20 16:22:57 | INFO     | app.main | Admin UI FastAPI application initialization started
2026-05-20 16:22:57 | INFO     | app.main | FastAPI application instance created successfully
2026-05-20 16:22:57 | INFO     | app.main | Database metadata initialized successfully
2026-05-20 16:22:57 | INFO     | app.main | Initial setup process completed successfully
2026-05-20 16:22:57 | INFO     | app.main | Auth router registered successfully
2026-05-20 16:22:57 | INFO     | app.main | Tenants router registered successfully
2026-05-20 16:22:57 | INFO     | app.main | Admin UI FastAPI application initialized successfully
2026-05-20 16:38:18 | INFO     | app.core.config | DEBUG_LOG environment value: True
2026-05-20 16:38:18 | INFO     | app.core.config | Logger initialized successfully for module: app.core.config
2026-05-20 16:38:18 | INFO     | app.core.config | Initializing application settings
2026-05-20 16:38:18 | INFO     | app.core.config | Application settings loaded successfully
2026-05-20 16:38:18 | INFO     | app.core.config | Global settings object initialized
2026-05-20 16:38:18 | INFO     | app.db.base | DEBUG_LOG environment value: True
2026-05-20 16:38:18 | INFO     | app.db.base | Logger initialized successfully for module: app.db.base
2026-05-20 16:38:18 | INFO     | app.db.base | Database engine initialization started
2026-05-20 16:38:19 | INFO     | app.db.base | Database engine created successfully
2026-05-20 16:38:19 | INFO     | app.db.base | SQLAlchemy declarative base initialized successfully
2026-05-20 16:38:19 | INFO     | app.schemas.schemas | DEBUG_LOG environment value: True
2026-05-20 16:38:19 | INFO     | app.schemas.schemas | Logger initialized successfully for module: app.schemas.schemas
2026-05-20 16:38:19 | INFO     | app.schemas.schemas | Initializing Pydantic schema models
2026-05-20 16:38:19 | INFO     | app.schemas.schemas | LoginRequest schema defined successfully
2026-05-20 16:38:19 | INFO     | app.schemas.schemas | UserSchema defined successfully
2026-05-20 16:38:19 | INFO     | app.schemas.schemas | TokenResponse schema defined successfully
2026-05-20 16:38:19 | INFO     | app.schemas.schemas | MessageResponse schema defined successfully
2026-05-20 16:38:19 | INFO     | app.schemas.schemas | TenantSchema defined successfully
2026-05-20 16:38:19 | INFO     | app.schemas.schemas | ConfigSection schema defined successfully
2026-05-20 16:38:19 | INFO     | app.schemas.schemas | TenantConfigResponse schema defined successfully
2026-05-20 16:38:19 | INFO     | app.schemas.schemas | PlaceholderResponse schema defined successfully
2026-05-20 16:38:19 | INFO     | app.schemas.schemas | All schema models initialized successfully
2026-05-20 16:38:19 | INFO     | app.db.session | DEBUG_LOG environment value: True
2026-05-20 16:38:19 | INFO     | app.db.session | Logger initialized successfully for module: app.db.session
2026-05-20 16:38:19 | INFO     | app.db.session | Database session module initialization started
2026-05-20 16:38:19 | INFO     | app.db.session | SQLAlchemy session factory created successfully
2026-05-20 16:38:19 | INFO     | app.models.tables | DEBUG_LOG environment value: True
2026-05-20 16:38:19 | INFO     | app.models.tables | Logger initialized successfully for module: app.models.tables
2026-05-20 16:38:19 | INFO     | app.models.tables | Initializing database table models
2026-05-20 16:38:19 | INFO     | app.models.tables | Role model defined successfully
2026-05-20 16:38:19 | INFO     | app.models.tables | Tenant model defined successfully
2026-05-20 16:38:19 | INFO     | app.models.tables | User model defined successfully
2026-05-20 16:38:19 | INFO     | app.models.tables | Config model defined successfully
2026-05-20 16:38:19 | INFO     | app.models.tables | All database table models initialized successfully
2026-05-20 16:38:19 | INFO     | app.core.security | DEBUG_LOG environment value: True
2026-05-20 16:38:19 | INFO     | app.core.security | Logger initialized successfully for module: app.core.security
2026-05-20 16:38:19 | INFO     | app.services.auth_service | DEBUG_LOG environment value: True
2026-05-20 16:38:19 | INFO     | app.services.auth_service | Logger initialized successfully for module: app.services.auth_service
2026-05-20 16:38:19 | INFO     | app.routers.auth | DEBUG_LOG environment value: True
2026-05-20 16:38:19 | INFO     | app.routers.auth | Logger initialized successfully for module: app.routers.auth
2026-05-20 16:38:19 | INFO     | app.services.tenant_service | DEBUG_LOG environment value: True
2026-05-20 16:38:19 | INFO     | app.services.tenant_service | Logger initialized successfully for module: app.services.tenant_service
2026-05-20 16:38:19 | INFO     | app.routers.tenants | DEBUG_LOG environment value: True
2026-05-20 16:38:19 | INFO     | app.routers.tenants | Logger initialized successfully for module: app.routers.tenants
2026-05-20 16:38:19 | INFO     | app.main | DEBUG_LOG environment value: True
2026-05-20 16:38:19 | INFO     | app.main | Logger initialized successfully for module: app.main
2026-05-20 16:38:19 | INFO     | app.main | Admin UI FastAPI application initialization started
2026-05-20 16:38:19 | INFO     | app.main | FastAPI application instance created successfully
2026-05-20 16:38:19 | INFO     | app.main | Database metadata initialized successfully
2026-05-20 16:38:19 | INFO     | app.services.auth_service | Initial application setup started
2026-05-20 16:38:19 | INFO     | app.db.session | Database session created successfully
2026-05-20 16:38:19 | INFO     | app.services.auth_service | Role setup completed successfully
2026-05-20 16:38:19 | INFO     | app.services.auth_service | Default user and tenant setup completed
2026-05-20 16:38:19 | INFO     | app.services.tenant_service | Configuration YAML loading initiated
2026-05-20 16:38:19 | INFO     | app.services.tenant_service | Configuration YAML loaded successfully
2026-05-20 16:38:19 | INFO     | app.services.auth_service | Configuration YAML loaded successfully
2026-05-20 16:38:19 | INFO     | app.services.tenant_service | Building configuration sections initiated
2026-05-20 16:38:19 | INFO     | app.services.tenant_service | Configuration sections built successfully. Count: 5
2026-05-20 16:38:19 | INFO     | app.services.auth_service | Initial application setup completed successfully
2026-05-20 16:38:19 | INFO     | app.main | Initial setup process completed successfully
2026-05-20 16:38:19 | INFO     | app.main | Auth router registered successfully
2026-05-20 16:38:19 | INFO     | app.main | Tenants router registered successfully
2026-05-20 16:38:19 | INFO     | app.main | Admin UI FastAPI application initialized successfully
2026-05-20 16:38:20 | INFO     | app.core.config | DEBUG_LOG environment value: True
2026-05-20 16:38:20 | INFO     | app.core.config | Logger initialized successfully for module: app.core.config
2026-05-20 16:38:20 | INFO     | app.core.config | Initializing application settings
2026-05-20 16:38:20 | INFO     | app.core.config | Application settings loaded successfully
2026-05-20 16:38:20 | INFO     | app.core.config | Global settings object initialized
2026-05-20 16:38:20 | INFO     | app.db.base | DEBUG_LOG environment value: True
2026-05-20 16:38:20 | INFO     | app.db.base | Logger initialized successfully for module: app.db.base
2026-05-20 16:38:20 | INFO     | app.db.base | Database engine initialization started
2026-05-20 16:38:20 | INFO     | app.db.base | Database engine created successfully
2026-05-20 16:38:20 | INFO     | app.db.base | SQLAlchemy declarative base initialized successfully
2026-05-20 16:38:20 | INFO     | app.schemas.schemas | DEBUG_LOG environment value: True
2026-05-20 16:38:20 | INFO     | app.schemas.schemas | Logger initialized successfully for module: app.schemas.schemas
2026-05-20 16:38:20 | INFO     | app.schemas.schemas | Initializing Pydantic schema models
2026-05-20 16:38:20 | INFO     | app.schemas.schemas | LoginRequest schema defined successfully
2026-05-20 16:38:20 | INFO     | app.schemas.schemas | UserSchema defined successfully
2026-05-20 16:38:20 | INFO     | app.schemas.schemas | TokenResponse schema defined successfully
2026-05-20 16:38:20 | INFO     | app.schemas.schemas | MessageResponse schema defined successfully
2026-05-20 16:38:20 | INFO     | app.schemas.schemas | TenantSchema defined successfully
2026-05-20 16:38:20 | INFO     | app.schemas.schemas | ConfigSection schema defined successfully
2026-05-20 16:38:20 | INFO     | app.schemas.schemas | TenantConfigResponse schema defined successfully
2026-05-20 16:38:20 | INFO     | app.schemas.schemas | PlaceholderResponse schema defined successfully
2026-05-20 16:38:20 | INFO     | app.schemas.schemas | All schema models initialized successfully
2026-05-20 16:38:20 | INFO     | app.db.session | DEBUG_LOG environment value: True
2026-05-20 16:38:20 | INFO     | app.db.session | Logger initialized successfully for module: app.db.session
2026-05-20 16:38:20 | INFO     | app.db.session | Database session module initialization started
2026-05-20 16:38:20 | INFO     | app.db.session | SQLAlchemy session factory created successfully
2026-05-20 16:38:20 | INFO     | app.models.tables | DEBUG_LOG environment value: True
2026-05-20 16:38:20 | INFO     | app.models.tables | Logger initialized successfully for module: app.models.tables
2026-05-20 16:38:20 | INFO     | app.models.tables | Initializing database table models
2026-05-20 16:38:20 | INFO     | app.models.tables | Role model defined successfully
2026-05-20 16:38:20 | INFO     | app.models.tables | Tenant model defined successfully
2026-05-20 16:38:20 | INFO     | app.models.tables | User model defined successfully
2026-05-20 16:38:20 | INFO     | app.models.tables | Config model defined successfully
2026-05-20 16:38:20 | INFO     | app.models.tables | All database table models initialized successfully
2026-05-20 16:38:20 | INFO     | app.core.security | DEBUG_LOG environment value: True
2026-05-20 16:38:20 | INFO     | app.core.security | Logger initialized successfully for module: app.core.security
2026-05-20 16:38:20 | INFO     | app.services.auth_service | DEBUG_LOG environment value: True
2026-05-20 16:38:20 | INFO     | app.services.auth_service | Logger initialized successfully for module: app.services.auth_service
2026-05-20 16:38:20 | INFO     | app.routers.auth | DEBUG_LOG environment value: True
2026-05-20 16:38:20 | INFO     | app.routers.auth | Logger initialized successfully for module: app.routers.auth
2026-05-20 16:38:20 | INFO     | app.services.tenant_service | DEBUG_LOG environment value: True
2026-05-20 16:38:20 | INFO     | app.services.tenant_service | Logger initialized successfully for module: app.services.tenant_service
2026-05-20 16:38:20 | INFO     | app.routers.tenants | DEBUG_LOG environment value: True
2026-05-20 16:38:20 | INFO     | app.routers.tenants | Logger initialized successfully for module: app.routers.tenants
2026-05-20 16:38:20 | INFO     | app.main | DEBUG_LOG environment value: True
2026-05-20 16:38:20 | INFO     | app.main | Logger initialized successfully for module: app.main
2026-05-20 16:38:20 | INFO     | app.main | Admin UI FastAPI application initialization started
2026-05-20 16:38:20 | INFO     | app.main | FastAPI application instance created successfully
2026-05-20 16:38:20 | INFO     | app.main | Database metadata initialized successfully
2026-05-20 16:38:20 | INFO     | app.services.auth_service | Initial application setup started
2026-05-20 16:38:20 | INFO     | app.db.session | Database session created successfully
2026-05-20 16:38:20 | INFO     | app.services.auth_service | Role setup completed successfully
2026-05-20 16:38:20 | INFO     | app.services.auth_service | Default user and tenant setup completed
2026-05-20 16:38:20 | INFO     | app.services.tenant_service | Configuration YAML loading initiated
2026-05-20 16:38:20 | INFO     | app.services.tenant_service | Configuration YAML loaded successfully
2026-05-20 16:38:20 | INFO     | app.services.auth_service | Configuration YAML loaded successfully
2026-05-20 16:38:20 | INFO     | app.services.tenant_service | Building configuration sections initiated
2026-05-20 16:38:20 | INFO     | app.services.tenant_service | Configuration sections built successfully. Count: 5
2026-05-20 16:38:20 | INFO     | app.services.auth_service | Initial application setup completed successfully
2026-05-20 16:38:20 | INFO     | app.main | Initial setup process completed successfully
2026-05-20 16:38:20 | INFO     | app.main | Auth router registered successfully
2026-05-20 16:38:20 | INFO     | app.main | Tenants router registered successfully
2026-05-20 16:38:20 | INFO     | app.main | Admin UI FastAPI application initialized successfully
2026-05-20 16:39:06 | INFO     | app.routers.auth | Login API invoked for username: redington-ecommerce-17
2026-05-20 16:39:06 | INFO     | app.services.auth_service | Authentication initiated for username: redington-ecommerce-17
2026-05-20 16:39:06 | INFO     | app.services.auth_service | Loading user by username: redington-ecommerce-17
2026-05-20 16:39:06 | INFO     | app.db.session | Database session created successfully
2026-05-20 16:39:06 | INFO     | app.services.auth_service | User loaded successfully for username: redington-ecommerce-17
2026-05-20 16:39:06 | INFO     | app.core.security | Password verification successful
2026-05-20 16:39:06 | INFO     | app.services.auth_service | Authentication successful for username: redington-ecommerce-17
2026-05-20 16:39:06 | INFO     | app.services.auth_service | Login process initiated for username: redington-ecommerce-17
2026-05-20 16:39:06 | INFO     | app.services.auth_service | Authentication initiated for username: redington-ecommerce-17
2026-05-20 16:39:06 | INFO     | app.services.auth_service | Loading user by username: redington-ecommerce-17
2026-05-20 16:39:06 | INFO     | app.db.session | Database session created successfully
2026-05-20 16:39:06 | INFO     | app.services.auth_service | User loaded successfully for username: redington-ecommerce-17
2026-05-20 16:39:06 | INFO     | app.core.security | Password verification successful
2026-05-20 16:39:06 | INFO     | app.services.auth_service | Authentication successful for username: redington-ecommerce-17
2026-05-20 16:39:06 | INFO     | app.core.security | Access token created successfully for user_id: 17
2026-05-20 16:39:06 | INFO     | app.services.auth_service | Access token generated successfully for username: redington-ecommerce-17
2026-05-20 16:39:06 | INFO     | app.routers.auth | Login successful for username: redington-ecommerce-17
2026-05-20 16:39:39 | INFO     | app.services.auth_service | Current user authentication initiated
2026-05-20 16:39:39 | INFO     | app.core.security | User authentication via token initiated
2026-05-20 16:39:39 | INFO     | app.core.security | User_id retrieved successfully: 17
2026-05-20 16:39:39 | INFO     | app.db.session | Database session created successfully
2026-05-20 16:39:39 | INFO     | app.core.security | User authenticated successfully for user_id: 17
2026-05-20 16:39:39 | INFO     | app.services.auth_service | Current user authenticated successfully: redington-ecommerce-17
2026-05-20 16:39:39 | INFO     | app.routers.auth | Current user endpoint invoked for user_id: 17
2026-05-20 16:39:39 | INFO     | app.routers.auth | User profile returned successfully for username: redington-ecommerce-17
2026-05-20 16:40:43 | INFO     | app.services.auth_service | Current user authentication initiated
2026-05-20 16:40:43 | INFO     | app.core.security | User authentication via token initiated
2026-05-20 16:40:43 | INFO     | app.core.security | User_id retrieved successfully: 17
2026-05-20 16:40:43 | INFO     | app.db.session | Database session created successfully
2026-05-20 16:40:43 | INFO     | app.core.security | User authenticated successfully for user_id: 17
2026-05-20 16:40:43 | INFO     | app.services.auth_service | Current user authenticated successfully: redington-ecommerce-17
2026-05-20 16:40:43 | INFO     | app.routers.tenants | Tenant detail API invoked for tenant_id: 19
2026-05-20 16:40:43 | INFO     | app.services.tenant_service | Tenant access authorization initiated for user: redington-ecommerce-17, tenant_id: 19
2026-05-20 16:40:43 | INFO     | app.services.tenant_service | Tenant access granted for user: redington-ecommerce-17
2026-05-20 16:40:43 | INFO     | app.services.tenant_service | Fetching tenant for tenant_id: 19
2026-05-20 16:40:43 | INFO     | app.db.session | Database session created successfully
2026-05-20 16:40:43 | INFO     | app.services.tenant_service | Tenant fetched successfully for tenant_id: 19
2026-05-20 16:40:43 | INFO     | app.routers.tenants | Tenant details fetched successfully for tenant_id: 19
2026-05-20 16:41:39 | INFO     | app.services.auth_service | Current user authentication initiated
2026-05-20 16:41:39 | INFO     | app.core.security | User authentication via token initiated
2026-05-20 16:41:39 | INFO     | app.core.security | User_id retrieved successfully: 17
2026-05-20 16:41:39 | INFO     | app.db.session | Database session created successfully
2026-05-20 16:41:39 | INFO     | app.core.security | User authenticated successfully for user_id: 17
2026-05-20 16:41:39 | INFO     | app.services.auth_service | Current user authenticated successfully: redington-ecommerce-17
2026-05-20 16:41:39 | INFO     | app.routers.tenants | Tenant config API invoked for tenant_id: 19
2026-05-20 16:41:39 | INFO     | app.services.tenant_service | Tenant access authorization initiated for user: redington-ecommerce-17, tenant_id: 19
2026-05-20 16:41:39 | INFO     | app.services.tenant_service | Tenant access granted for user: redington-ecommerce-17
2026-05-20 16:41:39 | INFO     | app.services.tenant_service | Fetching tenant for tenant_id: 19
2026-05-20 16:41:39 | INFO     | app.db.session | Database session created successfully
2026-05-20 16:41:39 | INFO     | app.services.tenant_service | Tenant fetched successfully for tenant_id: 19
2026-05-20 16:41:39 | INFO     | app.services.tenant_service | Fetching configuration sections for tenant_id: 19
2026-05-20 16:41:39 | INFO     | app.db.session | Database session created successfully
2026-05-20 16:41:39 | INFO     | app.services.tenant_service | Configuration sections fetched successfully for tenant_id: 19. Count: 1
2026-05-20 16:41:39 | INFO     | app.routers.tenants | Tenant configuration fetched successfully for tenant_id: 19
2026-05-20 16:44:09 | INFO     | app.services.auth_service | Current user authentication initiated
2026-05-20 16:44:09 | INFO     | app.core.security | User authentication via token initiated
2026-05-20 16:44:09 | INFO     | app.core.security | User_id retrieved successfully: 17
2026-05-20 16:44:09 | INFO     | app.db.session | Database session created successfully
2026-05-20 16:44:09 | INFO     | app.core.security | User authenticated successfully for user_id: 17
2026-05-20 16:44:09 | INFO     | app.services.auth_service | Current user authenticated successfully: redington-ecommerce-17
2026-05-20 16:44:09 | INFO     | app.routers.tenants | Logs endpoint invoked for tenant_id: 19
2026-05-20 16:44:09 | INFO     | app.services.tenant_service | Tenant access authorization initiated for user: redington-ecommerce-17, tenant_id: 19
2026-05-20 16:44:09 | INFO     | app.services.tenant_service | Tenant access granted for user: redington-ecommerce-17
2026-05-20 16:44:09 | INFO     | app.services.tenant_service | Fetching tenant for tenant_id: 19
2026-05-20 16:44:09 | INFO     | app.db.session | Database session created successfully
2026-05-20 16:44:09 | INFO     | app.services.tenant_service | Tenant fetched successfully for tenant_id: 19
2026-05-20 16:44:09 | INFO     | app.routers.tenants | Logs placeholder returned for tenant_id: 19
